
Processing page 1: https://books.toscrape.com/catalogue/page-1.html
CACHE HIT: cache/catalogue-page-1.html

Processing page 2: https://books.toscrape.com/catalogue/page-2.html
CACHE HIT: cache/catalogue-page-2.html

Processing page 3: https://books.toscrape.com/catalogue/page-3.html
CACHE HIT: cache/catalogue-page-3.html

catalogue_pages=3
discovered=60
unique_urls=60
CACHE HIT: cache/book-a-light-in-the-attic_1000.html
CACHE HIT: cache/book-tipping-the-velvet_999.html
CACHE HIT: cache/book-soumission_998.html
CACHE HIT: cache/book-sharp-objects_997.html
CACHE HIT: cache/book-sapiens-a-brief-history-of-humankind_996.html
CACHE HIT: cache/book-the-requiem-red_995.html
CACHE HIT: cache/book-the-dirty-little-secrets-of-getting-your-dream-job_994.html
CACHE HIT: cache/book-the-coming-woman-a-novel-based-on-the-life-of-the-infamous-feminist-victoria-woodhull_993.html
CACHE HIT: cache/book-the-boys-in-the-boat-nine-americans-and-their-epic-quest-for-gold-at-the-1936-berlin-olympics_992.html
CACHE HIT: cache/book-the-black-maria_991.html
CACHE HIT: cache/book-starving-hearts-triangular-trade-trilogy-1_990.html
CACHE HIT: cache/book-shakespeares-sonnets_989.html
CACHE HIT: cache/book-set-me-free_988.html
CACHE HIT: cache/book-scott-pilgrims-precious-little-life-scott-pilgrim-1_987.html
CACHE HIT: cache/book-rip-it-up-and-start-again_986.html
CACHE HIT: cache/book-our-band-could-be-your-life-scenes-from-the-american-indie-underground-1981-1991_985.html
CACHE HIT: cache/book-olio_984.html
CACHE HIT: cache/book-mesaerion-the-best-science-fiction-stories-1800-1849_983.html
CACHE HIT: cache/book-libertarianism-for-beginners_982.html
CACHE HIT: cache/book-its-only-the-himalayas_981.html
CACHE HIT: cache/book-in-her-wake_980.html
CACHE HIT: cache/book-how-music-works_979.html
CACHE HIT: cache/book-foolproof-preserving-a-guide-to-small-batch-jams-jellies-pickles-condiments-and-more-a-foolproof-guide-to-making-small-batch-jams-jellies-pickles-condiments-and-more_978.html
CACHE HIT: cache/book-chase-me-paris-nights-2_977.html
CACHE HIT: cache/book-black-dust_976.html
CACHE HIT: cache/book-birdsong-a-story-in-pictures_975.html
CACHE HIT: cache/book-americas-cradle-of-quarterbacks-western-pennsylvanias-football-factory-from-johnny-unitas-to-joe-montana_974.html
CACHE HIT: cache/book-aladdin-and-his-wonderful-lamp_973.html
CACHE HIT: cache/book-worlds-elsewhere-journeys-around-shakespeares-globe_972.html
CACHE HIT: cache/book-wall-and-piece_971.html
CACHE HIT: cache/book-the-four-agreements-a-practical-guide-to-personal-freedom_970.html
CACHE HIT: cache/book-the-five-love-languages-how-to-express-heartfelt-commitment-to-your-mate_969.html
CACHE HIT: cache/book-the-elephant-tree_968.html
CACHE HIT: cache/book-the-bear-and-the-piano_967.html
CACHE HIT: cache/book-sophies-world_966.html
CACHE HIT: cache/book-penny-maybe_965.html
CACHE HIT: cache/book-maude-1883-1993she-grew-up-with-the-country_964.html
CACHE HIT: cache/book-in-a-dark-dark-wood_963.html
CACHE HIT: cache/book-behind-closed-doors_962.html
CACHE HIT: cache/book-you-cant-bury-them-all-poems_961.html
CACHE HIT: cache/book-slow-states-of-collapse-poems_960.html
CACHE HIT: cache/book-reasons-to-stay-alive_959.html
CACHE HIT: cache/book-private-paris-private-10_958.html
CACHE HIT: cache/book-higherselfie-wake-up-your-life-free-your-soul-find-your-tribe_957.html
CACHE HIT: cache/book-without-borders-wanderlove-1_956.html
CACHE HIT: cache/book-when-we-collided_955.html
CACHE HIT: cache/book-we-love-you-charlie-freeman_954.html
CACHE HIT: cache/book-untitled-collection-sabbath-poems-2014_953.html
CACHE HIT: cache/book-unseen-city-the-majesty-of-pigeons-the-discreet-charm-of-snails-other-wonders-of-the-urban-wilderness_952.html
CACHE HIT: cache/book-unicorn-tracks_951.html
CACHE HIT: cache/book-unbound-how-eight-technologies-made-us-human-transformed-society-and-brought-our-world-to-the-brink_950.html
CACHE HIT: cache/book-tsubasa-world-chronicle-2-tsubasa-world-chronicle-2_949.html
CACHE HIT: cache/book-throwing-rocks-at-the-google-bus-how-growth-became-the-enemy-of-prosperity_948.html
CACHE HIT: cache/book-this-one-summer_947.html
CACHE HIT: cache/book-thirst_946.html
CACHE HIT: cache/book-the-torch-is-passed-a-harding-family-story_945.html
CACHE HIT: cache/book-the-secret-of-dreadwillow-carse_944.html
CACHE HIT: cache/book-the-pioneer-woman-cooks-dinnertime-comfort-classics-freezer-food-16-minute-meals-and-other-delicious-ways-to-solve-supper_943.html
CACHE HIT: cache/book-the-past-never-ends_942.html
CACHE HIT: cache/book-the-natural-history-of-us-the-fine-art-of-pretending-2_941.html
